2026-05-26 21:14:12 [ERROR] Firebase initialization failed | {"err":{"code":"app/invalid-credential","message":"Failed to parse private key: Error: error:1E08010C:DECODER routines::unsupported"}}
2026-05-26 21:14:13 [INFO] 
  ╔══════════════════════════════════════╗
  ║         BackupOS Backend             ║
  ║  Server   : http://localhost:4000   ║
  ║  Env      : development               ║
  ║  WebSocket: ws://localhost:4000     ║
  ╚══════════════════════════════════════╝
  
2026-05-26 21:14:24 [WARN] GET / 404 — 11ms
2026-05-26 21:21:09 [ERROR] Firebase initialization failed | {"err":{"code":"app/invalid-credential","message":"Failed to parse private key: Error: error:1E08010C:DECODER routines::unsupported"}}
2026-05-26 21:21:09 [INFO] 
  ╔══════════════════════════════════════╗
  ║         BackupOS Backend             ║
  ║  Server   : http://localhost:4000   ║
  ║  Env      : development               ║
  ║  WebSocket: ws://localhost:4000     ║
  ╚══════════════════════════════════════╝
  
2026-05-26 22:27:15 [INFO] GET /dashboard 200 — 9ms
2026-05-26 22:27:15 [INFO] GET / 200 — 0ms
2026-05-26 22:27:15 [INFO] GET / 200 — 0ms
2026-05-26 22:27:30 [INFO] GET / 304 — 1ms
2026-05-26 22:27:45 [INFO] GET /dashboard 304 — 1ms
2026-05-26 22:27:45 [INFO] GET / 304 — 0ms
2026-05-26 22:28:00 [INFO] GET / 304 — 1ms
2026-05-26 22:28:15 [INFO] GET /dashboard 304 — 0ms
2026-05-26 22:28:15 [INFO] GET / 304 — 0ms
2026-05-26 22:28:30 [INFO] GET / 304 — 1ms
2026-05-26 22:28:45 [INFO] GET /dashboard 304 — 1ms
2026-05-26 22:28:45 [INFO] GET / 304 — 1ms
2026-05-26 22:29:00 [INFO] GET / 304 — 0ms
2026-05-26 22:29:15 [INFO] GET /dashboard 304 — 1ms
2026-05-26 22:29:15 [INFO] GET / 304 — 1ms
2026-05-26 22:29:30 [INFO] GET / 304 — 0ms
2026-05-26 22:29:45 [INFO] GET /dashboard 304 — 1ms
2026-05-26 22:29:45 [INFO] GET / 304 — 0ms
2026-05-26 22:30:00 [INFO] GET / 304 — 1ms
2026-05-26 22:30:15 [INFO] GET /dashboard 304 — 1ms
2026-05-26 22:30:15 [INFO] GET / 304 — 0ms
2026-05-26 22:30:30 [INFO] GET / 304 — 0ms
2026-05-26 22:30:45 [INFO] GET /dashboard 304 — 1ms
2026-05-26 22:30:45 [INFO] GET / 304 — 0ms
2026-05-26 22:31:00 [INFO] GET / 304 — 0ms
2026-05-26 22:31:15 [INFO] GET /dashboard 304 — 1ms
2026-05-26 22:31:15 [INFO] GET / 304 — 0ms
2026-05-26 22:31:30 [INFO] GET / 304 — 0ms
2026-05-26 22:31:45 [INFO] GET /dashboard 304 — 1ms
2026-05-26 22:31:45 [INFO] GET / 304 — 0ms
2026-05-26 22:32:01 [INFO] GET / 304 — 1ms
2026-05-26 22:32:15 [INFO] GET /dashboard 304 — 0ms
2026-05-26 22:32:16 [INFO] GET / 304 — 0ms
2026-05-26 22:32:31 [INFO] GET / 304 — 0ms
2026-05-26 22:32:45 [INFO] GET /dashboard 304 — 0ms
2026-05-26 22:32:46 [INFO] GET / 304 — 1ms
2026-05-26 22:33:01 [INFO] GET / 304 — 1ms
2026-05-26 22:33:15 [INFO] GET /dashboard 304 — 1ms
2026-05-26 22:33:16 [INFO] GET / 304 — 0ms
2026-05-26 22:33:31 [INFO] GET / 304 — 0ms
2026-05-26 22:33:45 [INFO] GET /dashboard 304 — 1ms
2026-05-26 22:33:46 [INFO] GET / 304 — 0ms
2026-05-26 22:34:01 [INFO] GET / 304 — 0ms
2026-05-26 22:34:15 [INFO] GET /dashboard 304 — 1ms
2026-05-26 22:34:16 [INFO] GET / 304 — 1ms
2026-05-26 22:34:31 [INFO] GET / 304 — 0ms
2026-05-26 22:34:45 [INFO] GET /dashboard 304 — 1ms
2026-05-26 22:34:46 [INFO] GET / 304 — 1ms
2026-05-26 22:35:01 [INFO] GET / 304 — 0ms
2026-05-26 22:35:15 [INFO] GET /dashboard 304 — 0ms
2026-05-26 22:35:16 [INFO] GET / 304 — 1ms
2026-05-26 22:35:31 [INFO] GET / 304 — 0ms
2026-05-26 22:35:45 [INFO] GET /dashboard 304 — 0ms
2026-05-26 22:35:46 [INFO] GET / 304 — 1ms
2026-05-26 22:36:01 [INFO] GET / 304 — 0ms
2026-05-26 22:36:15 [INFO] GET /dashboard 304 — 1ms
2026-05-26 22:36:16 [INFO] GET / 304 — 0ms
2026-05-26 22:36:31 [INFO] GET / 304 — 0ms
2026-05-26 22:36:45 [INFO] GET /dashboard 304 — 0ms
2026-05-26 22:36:46 [INFO] GET / 304 — 1ms
2026-05-26 22:37:01 [INFO] GET / 304 — 0ms
2026-05-26 22:37:15 [INFO] GET /dashboard 304 — 0ms
2026-05-26 22:37:16 [INFO] GET / 304 — 1ms
2026-05-26 22:37:31 [INFO] GET / 304 — 0ms
2026-05-26 22:37:45 [INFO] GET /dashboard 304 — 1ms
2026-05-26 22:37:46 [INFO] GET / 304 — 0ms
2026-05-26 22:38:01 [INFO] GET / 304 — 0ms
2026-05-26 22:38:15 [INFO] GET /dashboard 304 — 1ms
2026-05-26 22:38:16 [INFO] GET / 304 — 1ms
2026-05-26 22:38:31 [INFO] GET / 304 — 1ms
2026-05-26 22:38:45 [INFO] GET /dashboard 304 — 0ms
2026-05-26 22:38:46 [INFO] GET / 304 — 1ms
2026-05-26 22:39:01 [INFO] GET / 304 — 1ms
2026-05-26 22:39:15 [INFO] GET /dashboard 304 — 1ms
2026-05-26 22:39:16 [INFO] GET / 304 — 0ms
2026-05-26 22:39:31 [INFO] GET / 304 — 0ms
2026-05-26 22:39:45 [INFO] GET /dashboard 304 — 1ms
2026-05-26 22:39:46 [INFO] GET / 304 — 1ms
2026-05-26 22:40:01 [INFO] GET / 304 — 0ms
2026-05-26 22:40:15 [INFO] GET /dashboard 304 — 1ms
2026-05-26 22:40:16 [INFO] GET / 304 — 0ms
2026-05-26 22:40:31 [INFO] GET / 304 — 1ms
2026-05-26 22:40:45 [INFO] GET /dashboard 304 — 0ms
2026-05-26 22:40:47 [INFO] GET / 304 — 1ms
2026-05-26 22:41:12 [INFO] GET /dashboard 304 — 1ms
2026-05-26 22:41:12 [INFO] GET / 304 — 1ms
2026-05-26 22:41:12 [INFO] GET / 304 — 0ms
2026-05-26 22:41:27 [INFO] GET / 304 — 0ms
2026-05-26 22:41:42 [INFO] GET /dashboard 304 — 0ms
2026-05-26 22:41:43 [INFO] GET / 304 — 1ms
2026-05-26 22:41:58 [INFO] GET / 304 — 0ms
2026-05-26 22:42:13 [INFO] GET /dashboard 304 — 0ms
2026-05-26 22:42:13 [INFO] GET / 304 — 1ms
2026-05-26 22:42:28 [INFO] GET / 304 — 0ms
2026-05-26 22:42:43 [INFO] GET /dashboard 304 — 0ms
2026-05-26 22:42:43 [INFO] GET / 304 — 1ms
2026-05-26 22:42:58 [INFO] GET / 304 — 1ms
2026-05-26 22:43:13 [INFO] GET /dashboard 304 — 1ms
2026-05-26 22:43:13 [INFO] GET / 304 — 0ms
2026-05-26 22:43:28 [INFO] GET / 304 — 1ms
2026-05-26 22:43:43 [INFO] GET /dashboard 304 — 1ms
2026-05-26 22:43:43 [INFO] GET / 304 — 0ms
2026-05-26 22:43:58 [INFO] GET / 304 — 0ms
2026-05-26 22:44:13 [INFO] GET /dashboard 304 — 1ms
2026-05-26 22:44:13 [INFO] GET / 304 — 1ms
2026-05-26 22:44:28 [INFO] GET / 304 — 0ms
2026-05-26 22:44:43 [INFO] GET /dashboard 304 — 0ms
2026-05-26 22:44:43 [INFO] GET / 304 — 0ms
2026-05-26 22:44:58 [INFO] GET / 304 — 1ms
2026-05-26 22:45:13 [INFO] GET /dashboard 304 — 1ms
2026-05-26 22:45:13 [INFO] GET / 304 — 1ms
2026-05-26 22:45:28 [INFO] GET / 304 — 0ms
2026-05-26 22:45:43 [INFO] GET /dashboard 304 — 1ms
2026-05-26 22:45:43 [INFO] GET / 304 — 0ms
2026-05-26 22:45:58 [INFO] GET / 304 — 0ms
2026-05-26 22:46:13 [INFO] GET /dashboard 304 — 0ms
2026-05-26 22:46:13 [INFO] GET / 304 — 0ms
2026-05-26 22:46:28 [INFO] GET / 304 — 0ms
2026-05-26 22:46:43 [INFO] GET /dashboard 304 — 1ms
2026-05-26 22:46:43 [INFO] GET / 304 — 0ms
2026-05-26 22:46:58 [INFO] GET / 304 — 1ms
2026-05-26 22:47:13 [INFO] GET /dashboard 304 — 1ms
2026-05-26 22:47:13 [INFO] GET / 304 — 0ms
2026-05-26 22:47:28 [INFO] GET / 304 — 0ms
2026-05-26 22:47:43 [INFO] GET /dashboard 304 — 0ms
2026-05-26 22:47:43 [INFO] GET / 304 — 1ms
2026-05-26 22:47:58 [INFO] GET / 304 — 1ms
2026-05-26 22:48:13 [INFO] GET /dashboard 304 — 1ms
2026-05-26 22:48:13 [INFO] GET / 304 — 0ms
2026-05-26 22:48:28 [INFO] GET / 304 — 0ms
2026-05-26 22:48:43 [INFO] GET /dashboard 304 — 1ms
2026-05-26 22:48:43 [INFO] GET / 304 — 1ms
2026-05-26 22:48:58 [INFO] GET / 304 — 0ms
2026-05-26 22:49:13 [INFO] GET /dashboard 304 — 0ms
2026-05-26 22:49:13 [INFO] GET / 304 — 0ms
2026-05-26 22:49:28 [INFO] GET / 304 — 1ms
2026-05-26 22:49:43 [INFO] GET /dashboard 304 — 1ms
2026-05-26 22:49:43 [INFO] GET / 304 — 1ms
2026-05-26 22:49:58 [INFO] GET / 304 — 0ms
2026-05-26 22:50:13 [INFO] GET /dashboard 304 — 0ms
2026-05-26 22:50:13 [INFO] GET / 304 — 1ms
2026-05-26 22:50:28 [INFO] GET / 304 — 0ms
2026-05-26 22:50:43 [INFO] GET /dashboard 304 — 1ms
2026-05-26 22:50:43 [INFO] GET / 304 — 1ms
2026-05-26 22:50:58 [INFO] GET / 304 — 0ms
2026-05-26 22:51:13 [INFO] GET /dashboard 304 — 1ms
2026-05-26 22:51:13 [INFO] GET / 304 — 0ms
2026-05-26 22:51:29 [INFO] GET / 304 — 0ms
2026-05-26 22:51:43 [INFO] GET /dashboard 304 — 1ms
2026-05-26 22:51:44 [INFO] GET / 304 — 0ms
2026-05-26 22:51:59 [INFO] GET / 304 — 1ms
2026-05-26 22:52:13 [INFO] GET /dashboard 304 — 1ms
2026-05-26 22:52:14 [INFO] GET / 304 — 1ms
2026-05-26 22:52:29 [INFO] GET / 304 — 0ms
2026-05-26 22:52:43 [INFO] GET /dashboard 304 — 1ms
2026-05-26 22:52:44 [INFO] GET / 304 — 0ms
2026-05-26 22:52:59 [INFO] GET / 304 — 1ms
2026-05-26 22:53:13 [INFO] GET /dashboard 304 — 0ms
2026-05-26 22:53:14 [INFO] GET / 304 — 0ms
2026-05-26 22:53:29 [INFO] GET / 304 — 1ms
2026-05-26 22:53:43 [INFO] GET /dashboard 304 — 1ms
2026-05-26 22:53:44 [INFO] GET / 304 — 0ms
2026-05-26 22:53:59 [INFO] GET / 304 — 0ms
2026-05-26 22:54:13 [INFO] GET /dashboard 304 — 1ms
2026-05-26 22:54:14 [INFO] GET / 304 — 0ms
2026-05-26 22:54:29 [INFO] GET / 304 — 0ms
2026-05-26 22:54:43 [INFO] GET /dashboard 304 — 1ms
2026-05-26 22:54:44 [INFO] GET / 304 — 0ms
2026-05-26 22:54:59 [INFO] GET / 304 — 0ms
2026-05-26 22:55:13 [INFO] GET /dashboard 304 — 1ms
2026-05-26 22:55:14 [INFO] GET / 304 — 0ms
2026-05-26 22:55:29 [INFO] GET / 304 — 0ms
2026-05-26 22:55:43 [INFO] GET /dashboard 304 — 0ms
2026-05-26 22:55:44 [INFO] GET / 304 — 0ms
2026-05-26 22:55:59 [INFO] GET / 304 — 0ms
2026-05-26 22:56:13 [INFO] GET /dashboard 304 — 1ms
2026-05-26 22:56:14 [INFO] GET / 304 — 0ms
2026-05-26 22:56:29 [INFO] GET / 304 — 1ms
2026-05-26 22:56:41 [INFO] GET / 304 — 1ms
2026-05-26 22:56:41 [INFO] GET / 304 — 1ms
2026-05-26 22:56:44 [INFO] GET / 200 — 1ms
2026-05-26 22:56:45 [INFO] GET /jobs 200 — 1ms
2026-05-26 22:56:47 [INFO] GET / 200 — 3ms
2026-05-26 22:56:47 [INFO] WebSocket client connected: CWogQT0HmzhGYK11AAAC
2026-05-26 22:56:49 [INFO] WebSocket client disconnected: CWogQT0HmzhGYK11AAAC
2026-05-26 22:56:51 [INFO] WebSocket client connected: Hd6zuwI6aCzrMAUiAAAE
2026-05-26 23:17:47 [INFO] GET / 200 — 3ms
2026-05-26 23:18:09 [INFO] GET / 200 — 2ms
2026-05-26 23:20:46 [INFO] GET / 200 — 3ms
2026-05-26 23:31:44 [INFO] GET / 200 — 7ms
2026-05-26 23:32:35 [INFO] WebSocket client disconnected: Hd6zuwI6aCzrMAUiAAAE
2026-05-27 00:17:24 [INFO] GET /dashboard 200 — 2ms
2026-05-27 00:17:24 [INFO] GET / 304 — 1ms
2026-05-27 00:17:24 [INFO] GET / 304 — 0ms
2026-05-27 00:17:30 [INFO] GET / 304 — 1ms
2026-05-27 00:17:30 [INFO] GET / 200 — 3ms
2026-05-27 00:17:30 [INFO] WebSocket client connected: oUnDQ_mrICSIdCVkAAAH
2026-05-27 00:17:31 [INFO] WebSocket client disconnected: oUnDQ_mrICSIdCVkAAAH
2026-05-27 00:17:33 [INFO] GET /jobs 304 — 1ms
2026-05-27 00:17:43 [INFO] GET /jobs 304 — 0ms
2026-05-27 00:17:53 [INFO] GET /jobs 304 — 1ms
2026-05-27 00:18:03 [INFO] GET /jobs 304 — 1ms
2026-05-27 00:18:13 [INFO] GET /jobs 304 — 0ms
2026-05-27 00:18:23 [INFO] GET /jobs 304 — 0ms
2026-05-27 00:18:33 [INFO] GET /jobs 304 — 0ms
2026-05-27 00:18:43 [INFO] GET /jobs 304 — 1ms
2026-05-27 00:18:53 [INFO] GET /jobs 304 — 1ms
2026-05-27 00:18:59 [INFO] GET / 304 — 0ms
2026-05-27 00:18:59 [INFO] GET / 304 — 1ms
2026-05-27 00:19:14 [INFO] GET / 304 — 1ms
2026-05-27 00:19:50 [INFO] GET / 304 — 2ms
2026-05-27 00:19:50 [INFO] GET / 304 — 0ms
2026-05-27 00:20:05 [INFO] GET / 304 — 0ms
2026-05-27 00:20:20 [INFO] GET / 304 — 1ms
2026-05-27 00:20:35 [INFO] GET / 304 — 0ms
2026-05-27 00:20:50 [INFO] GET / 304 — 0ms
2026-05-27 00:21:05 [INFO] GET / 304 — 0ms
2026-05-27 00:21:20 [INFO] GET / 304 — 0ms
2026-05-27 00:21:35 [INFO] GET / 304 — 1ms
2026-05-27 00:21:51 [INFO] GET / 304 — 1ms
2026-05-27 00:22:06 [INFO] GET / 304 — 1ms
2026-05-27 00:22:16 [INFO] GET / 304 — 1ms
2026-05-27 00:22:16 [INFO] GET / 304 — 1ms
2026-05-27 00:22:31 [INFO] GET / 304 — 1ms
2026-05-27 00:22:46 [INFO] GET / 304 — 1ms
2026-05-27 00:23:01 [INFO] GET / 304 — 1ms
2026-05-27 00:23:16 [INFO] GET / 304 — 1ms
2026-05-27 00:23:31 [INFO] GET / 304 — 0ms
2026-05-27 00:23:46 [INFO] GET / 304 — 1ms
2026-05-27 00:24:01 [INFO] GET / 304 — 0ms
2026-05-27 00:24:16 [INFO] GET / 304 — 0ms
2026-05-27 00:25:19 [INFO] GET / 304 — 1ms
2026-05-27 00:25:19 [INFO] GET / 304 — 1ms
2026-05-27 00:25:33 [INFO] GET / 304 — 0ms
2026-05-27 00:25:33 [INFO] GET / 304 — 0ms
2026-05-27 00:25:38 [INFO] GET / 304 — 0ms
2026-05-27 00:25:53 [INFO] GET / 304 — 1ms
2026-05-27 00:26:08 [INFO] GET / 304 — 1ms
2026-05-27 00:26:23 [INFO] GET / 304 — 0ms
2026-05-27 00:26:38 [INFO] GET / 304 — 0ms
2026-05-27 00:26:53 [INFO] GET / 304 — 0ms
2026-05-27 00:27:08 [INFO] GET / 304 — 0ms
2026-05-27 00:30:00 [INFO] GET / 304 — 1ms
2026-05-27 00:30:00 [INFO] GET / 304 — 1ms
2026-05-27 00:30:03 [INFO] GET /jobs 304 — 0ms
2026-05-27 00:30:03 [INFO] GET /dashboard 304 — 1ms
2026-05-30 11:11:24 [ERROR] Firebase initialization failed | {"err":{"code":"app/invalid-credential","message":"Failed to parse private key: Error: error:1E08010C:DECODER routines::unsupported"}}
2026-05-30 11:11:24 [INFO] 
  ╔══════════════════════════════════════╗
  ║         BackupOS Backend             ║
  ║  Server   : http://localhost:4000   ║
  ║  Env      : development               ║
  ║  WebSocket: ws://localhost:4000     ║
  ╚══════════════════════════════════════╝
  
2026-05-30 11:13:19 [INFO] GET / 200 — 11ms
2026-05-30 11:13:20 [WARN] GET /favicon.ico 404 — 4ms
2026-06-21 18:58:15 [WARN] Firebase not configured — cloud storage disabled
2026-06-21 18:58:15 [INFO] 
  ╔══════════════════════════════════════╗
  ║         BackupOS Backend             ║
  ║  Server   : http://localhost:4000   ║
  ║  Env      : development               ║
  ║  WebSocket: ws://localhost:4000     ║
  ╚══════════════════════════════════════╝
  
2026-06-21 19:00:12 [INFO] GET / 200 — 6ms
2026-06-21 19:00:12 [INFO] GET / 200 — 1ms
2026-06-21 19:00:27 [INFO] GET / 304 — 0ms
2026-06-21 19:00:42 [INFO] GET / 304 — 1ms
2026-06-21 19:00:57 [INFO] GET / 304 — 1ms
2026-06-21 19:01:12 [INFO] GET / 304 — 1ms
2026-06-21 19:01:27 [INFO] GET / 304 — 1ms
2026-06-21 19:01:42 [INFO] GET / 304 — 1ms
2026-06-21 19:01:57 [INFO] GET / 304 — 0ms
2026-06-21 19:02:12 [INFO] GET / 304 — 0ms
2026-06-21 19:02:27 [INFO] GET / 304 — 1ms
2026-06-21 19:02:42 [INFO] GET / 304 — 0ms
2026-06-21 19:02:57 [INFO] GET / 304 — 0ms
2026-06-21 19:03:12 [INFO] GET / 304 — 1ms
2026-06-21 19:03:27 [INFO] GET / 304 — 0ms
2026-06-21 19:03:42 [INFO] GET / 304 — 0ms
2026-06-21 19:03:57 [INFO] GET / 304 — 0ms
2026-06-21 19:04:12 [INFO] GET / 304 — 1ms
2026-06-21 19:04:27 [INFO] GET / 304 — 1ms
2026-06-21 19:04:42 [INFO] GET / 304 — 0ms
2026-06-21 19:04:58 [INFO] GET / 304 — 0ms
2026-06-21 19:05:13 [INFO] GET / 304 — 0ms
2026-06-21 19:07:00 [INFO] GET / 304 — 7ms
2026-06-21 19:07:00 [INFO] GET / 304 — 62ms
2026-06-21 19:07:05 [INFO] GET / 304 — 1ms
2026-06-21 19:07:06 [INFO] GET /jobs 304 — 0ms
2026-06-21 19:07:57 [INFO] GET / 304 — 0ms
2026-06-21 19:19:28 [INFO] GET / 304 — 1ms
2026-07-17 16:12:39 [WARN] Firebase not configured — cloud storage disabled
2026-07-17 16:12:39 [INFO] 
  ╔══════════════════════════════════════╗
  ║         BackupOS Backend             ║
  ║  Server   : http://localhost:4000   ║
  ║  Env      : development               ║
  ║  WebSocket: ws://localhost:4000     ║
  ╚══════════════════════════════════════╝
  
2026-07-17 16:12:51 [INFO] GET / 200 — 11ms
2026-07-17 16:12:51 [INFO] GET /dashboard 200 — 6ms
2026-07-17 16:12:51 [INFO] GET / 304 — 6ms
2026-07-17 16:13:06 [INFO] GET / 304 — 1ms
2026-07-17 16:13:07 [INFO] GET / 304 — 3ms
2026-07-17 16:13:09 [INFO] GET /jobs 304 — 2ms
2026-07-17 16:13:11 [INFO] GET / 200 — 1ms
2026-07-17 16:13:12 [INFO] GET / 200 — 7ms
2026-07-17 16:13:12 [INFO] WebSocket client connected: LNbharNm_2lzJOMfAAAC
2026-07-17 16:13:12 [INFO] WebSocket client connected: _CSSr8hFU7bFOIfCAAAE
2026-07-17 16:13:15 [INFO] WebSocket client disconnected: _CSSr8hFU7bFOIfCAAAE
2026-07-17 16:13:15 [INFO] WebSocket client disconnected: LNbharNm_2lzJOMfAAAC
2026-07-17 16:14:28 [INFO] GET / 200 — 9ms
2026-07-17 16:14:28 [INFO] WebSocket client connected: znP3OkA924-oBhbMAAAG
2026-07-17 16:14:28 [INFO] WebSocket client connected: siwoHyGjJv-VNjqtAAAI
2026-07-17 16:14:34 [INFO] WebSocket client disconnected: siwoHyGjJv-VNjqtAAAI
2026-07-17 16:14:34 [INFO] WebSocket client disconnected: znP3OkA924-oBhbMAAAG
2026-07-17 16:14:34 [INFO] GET /dashboard 304 — 2ms
2026-07-17 16:14:34 [INFO] GET / 304 — 2ms
2026-07-17 16:14:34 [INFO] GET / 304 — 1ms
2026-07-19 12:19:08 [WARN] Firebase not configured — cloud storage disabled
2026-07-19 12:19:08 [INFO] 
  ╔══════════════════════════════════════╗
  ║         BackupOS Backend             ║
  ║  Server   : http://localhost:4000   ║
  ║  Env      : development               ║
  ║  WebSocket: ws://localhost:4000     ║
  ╚══════════════════════════════════════╝
  
2026-07-19 12:19:42 [INFO] GET /dashboard 200 — 15ms
2026-07-19 12:19:42 [INFO] GET / 200 — 1ms
2026-07-19 12:19:42 [INFO] GET / 200 — 1ms
2026-07-19 12:21:09 [INFO] GET /dashboard 304 — 3ms
2026-07-19 12:21:09 [INFO] GET / 304 — 1ms
2026-07-19 12:21:09 [INFO] GET / 304 — 1ms
2026-07-19 12:21:28 [INFO] GET /dashboard 304 — 2ms
2026-07-19 12:21:28 [INFO] GET / 304 — 2ms
2026-07-19 12:21:28 [INFO] GET / 304 — 1ms
2026-07-19 12:21:33 [INFO] GET / 304 — 2ms
2026-07-19 12:21:35 [INFO] GET /jobs 304 — 1ms
2026-07-19 12:21:37 [INFO] GET / 304 — 1ms
2026-07-19 12:23:31 [INFO] GET / 304 — 0ms
2026-07-19 12:23:31 [INFO] GET / 304 — 0ms
